app/api/project-groups/route.ts(50,41): error TS7006: Parameter 'group' implicitly has an 'any' type.
app/api/project-groups/route.ts(52,10): error TS7006: Parameter 'm' implicitly has an 'any' type.
app/api/project-groups/route.ts(57,10): error TS7006: Parameter 'm' implicitly has an 'any' type.
app/api/project-groups/route.ts(58,14): error TS7006: Parameter 'm' implicitly has an 'any' type.
app/api/staff/approvals/route.ts(40,39): error TS7006: Parameter 'g' implicitly has an 'any' type.
app/api/staff/approvals/route.ts(41,55): error TS7006: Parameter 'm' implicitly has an 'any' type.
app/api/staff/approvals/route.ts(56,52): error TS7006: Parameter 'm' implicitly has an 'any' type.
app/api/staff/approvals/route.ts(68,40): error TS7006: Parameter 'g' implicitly has an 'any' type.
app/api/staff/approvals/route.ts(69,39): error TS7006: Parameter 'g' implicitly has an 'any' type.
app/api/staff/dashboard/stats/route.ts(50,25): error TS7006: Parameter 'group' implicitly has an 'any' type.
app/api/staff/dashboard/stats/route.ts(51,47): error TS7006: Parameter 'member' implicitly has an 'any' type.
app/api/staff/evaluations/route.ts(36,49): error TS7006: Parameter 'm' implicitly has an 'any' type.
app/api/staff/evaluations/route.ts(37,69): error TS7006: Parameter 'a' implicitly has an 'any' type.
app/api/staff/evaluations/route.ts(53,61): error TS7006: Parameter 'a' implicitly has an 'any' type.
app/api/staff/evaluations/route.ts(64,52): error TS7006: Parameter 'm' implicitly has an 'any' type.
app/api/staff/evaluations/route.ts(78,56): error TS7006: Parameter 'm' implicitly has an 'any' type.
app/api/staff/evaluations/route.ts(79,65): error TS7006: Parameter 'm' implicitly has an 'any' type.
app/api/staff/evaluations/route.ts(81,72): error TS7006: Parameter 'member' implicitly has an 'any' type.
app/api/staff/evaluations/route.ts(82,64): error TS7006: Parameter 'mt' implicitly has an 'any' type.
app/api/staff/evaluations/route.ts(83,59): error TS7006: Parameter 'a' implicitly has an 'any' type.
app/api/staff/meetings/route.ts(41,49): error TS7006: Parameter 'meeting' implicitly has an 'any' type.
app/api/staff/meetings/route.ts(51,62): error TS7006: Parameter 'a' implicitly has an 'any' type.
app/api/staff/project-groups/route.ts(66,45): error TS7006: Parameter 'group' implicitly has an 'any' type.
app/api/staff/project-groups/route.ts(68,18): error TS7006: Parameter 'm' implicitly has an 'any' type.
app/api/staff/project-groups/route.ts(72,26): error TS7006: Parameter 'm' implicitly has an 'any' type.
app/api/staff/project-groups/route.ts(73,23): error TS7006: Parameter 'm' implicitly has an 'any' type.
app/api/student/dashboard/stats/route.ts(29,55): error TS7006: Parameter 'req' implicitly has an 'any' type.
app/api/student/dashboard/stats/route.ts(87,55): error TS7006: Parameter 'r' implicitly has an 'any' type.
app/api/student/dashboard/stats/route.ts(129,53): error TS7006: Parameter 'm' implicitly has an 'any' type.
app/api/student/dashboard/stats/route.ts(136,35): error TS7006: Parameter 'm' implicitly has an 'any' type.
app/api/student/group-members/route.ts(60,35): error TS7006: Parameter 'm' implicitly has an 'any' type.
lib/prisma.ts(3,10): error TS2305: Module '"@prisma/client"' has no exported member 'PrismaClient'.
